// Jest Snapshot v1, https://goo.gl/fbAQLP

exports[`ProductCard Component snapshot render without image 1`] = `
<DocumentFragment>
  <div
    class="product-card"
  >
    <div
      class="product-card__text"
    >
      <h2
        class="product-card__name"
      >
        IPhone 14 Pro
      </h2>
      <div
        class="product-card__description"
      >
        Latest iPhone model
      </div>
      <h1
        class="product-card__price"
      >
        999 $
      </h1>
      <div
        class="product-card__category"
      >
        Электроника
      </div>
    </div>
  </div>
</DocumentFragment>
`;
